  ✓ buyouts/analysis/decks/TSVT.pptx (15 milestones)
  ✓ buyouts/analysis/decks/ETNB.pptx (12 milestones)
  ✓ buyouts/analysis/decks/ABLX.pptx (12 milestones)
  ✓ buyouts/analysis/decks/XLRN.pptx (17 milestones)
  ✓ buyouts/analysis/decks/ADMS.pptx (4 milestones)
  ✓ buyouts/analysis/decks/ARXT.pptx (12 milestones)
  ✓ buyouts/analysis/decks/ADLR.pptx (15 milestones)
  ✓ buyouts/analysis/decks/AAAP.pptx (16 milestones)
  ✓ buyouts/analysis/decks/ADVM.pptx (18 milestones)
  ✓ buyouts/analysis/decks/AKCA.pptx (14 milestones)
  ✓ buyouts/analysis/decks/AKUS.pptx (13 milestones)
  ✓ buyouts/analysis/decks/ALBO.pptx (13 milestones)
  ✓ buyouts/analysis/decks/ALDR.pptx (14 milestones)
  ✓ buyouts/analysis/decks/ALR.pptx (10 milestones)
  ✓ buyouts/analysis/decks/ALXA.pptx (16 milestones)
  ✓ buyouts/analysis/decks/ALLK.pptx (14 milestones)
  ✓ buyouts/analysis/decks/AGN.pptx (11 milestones)
  ✓ buyouts/analysis/decks/ALO.pptx (14 milestones)
  ✓ buyouts/analysis/decks/ALPN.pptx (13 milestones)
  ✓ buyouts/analysis/decks/AMAG.pptx (37 milestones)
  ✓ buyouts/analysis/decks/AMBI.pptx (13 milestones)
  ✓ buyouts/analysis/decks/AMLN.pptx (14 milestones)
  ✓ buyouts/analysis/decks/ANAC.pptx (16 milestones)
  ✓ buyouts/analysis/decks/ANDS.pptx (8 milestones)
  ✓ buyouts/analysis/decks/ANOR.pptx (5 milestones)
  ✓ buyouts/analysis/decks/APLS.pptx (14 milestones)
  ✓ buyouts/analysis/decks/AGTC.pptx (15 milestones)
  ✓ buyouts/analysis/decks/APLT.pptx (12 milestones)
  ✓ buyouts/analysis/decks/ACLX.pptx (16 milestones)
  ✓ buyouts/analysis/decks/ARIA.pptx (16 milestones)
  ✓ buyouts/analysis/decks/ARMO.pptx (19 milestones)
  ✓ buyouts/analysis/decks/ARQL.pptx (21 milestones)
  ✓ buyouts/analysis/decks/ARRY.pptx (13 milestones)
  ✓ buyouts/analysis/decks/ASRT.pptx (14 milestones)
  ✓ buyouts/analysis/decks/ASRT.pptx (12 milestones)
  ✓ buyouts/analysis/decks/BOLD.pptx (17 milestones)
  ✓ buyouts/analysis/decks/ASPX.pptx (13 milestones)
  ✓ buyouts/analysis/decks/AVNR.pptx (13 milestones)
  ✓ buyouts/analysis/decks/AVXS.pptx (12 milestones)
  ✓ buyouts/analysis/decks/AVGN.pptx (12 milestones)
  ! bayer_schering_pharma_aktiengesellschaft_no_ticker.md: no price series
  ✓ buyouts/analysis/decks/BDSI.pptx (30 milestones)
  ✓ buyouts/analysis/decks/BIVN.pptx (15 milestones)
  ✓ buyouts/analysis/decks/BSTC.pptx (14 milestones)
  ✓ buyouts/analysis/decks/BITI.pptx (12 milestones)
  ✓ buyouts/analysis/decks/BIVV.pptx (15 milestones)
  ✓ buyouts/analysis/decks/BLUE.pptx (15 milestones)
  ✓ buyouts/analysis/decks/BPMC.pptx (11 milestones)
  ✓ buyouts/analysis/decks/CADX.pptx (27 milestones)
  ! cadista_holdings_inc_CADI.md: no price series
  ✓ buyouts/analysis/decks/CALT.pptx (16 milestones)
  ✓ buyouts/analysis/decks/CRGX.pptx (15 milestones)
  ✓ buyouts/analysis/decks/CPXX.pptx (46 milestones)
  ✓ buyouts/analysis/decks/CELG.pptx (6 milestones)
  ✓ buyouts/analysis/decks/ICEL.pptx (14 milestones)
  ✓ buyouts/analysis/decks/CHTT.pptx (13 milestones)
  ✓ buyouts/analysis/decks/CMPI.pptx (20 milestones)
  ✓ buyouts/analysis/decks/CHTP.pptx (16 milestones)
  ✓ buyouts/analysis/decks/CEMI.pptx (12 milestones)
  ✓ buyouts/analysis/decks/CMRX.pptx (51 milestones)
  ✓ buyouts/analysis/decks/CDTX.pptx (18 milestones)
  ✓ buyouts/analysis/decks/CINC.pptx (16 milestones)
  ✓ buyouts/analysis/decks/CLDA.pptx (12 milestones)
  ✓ buyouts/analysis/decks/COLY.pptx (15 milestones)
  ✓ buyouts/analysis/decks/CGPI.pptx (14 milestones)
  ✓ buyouts/analysis/decks/CLCD.pptx (15 milestones)
  ✓ buyouts/analysis/decks/CNCE.pptx (13 milestones)
  ✓ buyouts/analysis/decks/CNST.pptx (16 milestones)
  ✓ buyouts/analysis/decks/CTRX.pptx (15 milestones)
  ✓ buyouts/analysis/decks/CGRB.pptx (17 milestones)
  ✓ buyouts/analysis/decks/CTIC.pptx (14 milestones)
  ✓ buyouts/analysis/decks/CBST.pptx (59 milestones)
  ✓ buyouts/analysis/decks/CVAC.pptx (13 milestones)
  ✓ buyouts/analysis/decks/CBAY.pptx (11 milestones)
  ✓ buyouts/analysis/decks/CYPB.pptx (8 milestones)
  ✓ buyouts/analysis/decks/DAWN.pptx (14 milestones)
  ✓ buyouts/analysis/decks/DBTX.pptx (15 milestones)
  ✓ buyouts/analysis/decks/DCPH.pptx (16 milestones)
  ✓ buyouts/analysis/decks/DERM.pptx (12 milestones)
  ✓ buyouts/analysis/decks/DRNA.pptx (38 milestones)
  ✓ buyouts/analysis/decks/DIGE.pptx (11 milestones)
  ✓ buyouts/analysis/decks/DMTX.pptx (112 milestones)
  ✓ buyouts/analysis/decks/DOVA.pptx (12 milestones)
  ✓ buyouts/analysis/decks/DRTX.pptx (13 milestones)
  ✓ buyouts/analysis/decks/DRRX.pptx (17 milestones)
  ✓ buyouts/analysis/decks/DUSA.pptx (15 milestones)
  ✓ buyouts/analysis/decks/DVAX.pptx (14 milestones)
  ✓ buyouts/analysis/decks/ELN.pptx (1 milestones)
  ✓ buyouts/analysis/decks/ELEV.pptx (11 milestones)
  ✓ buyouts/analysis/decks/ENCY.pptx (16 milestones)
  ✓ buyouts/analysis/decks/ENDP.pptx (11 milestones)
  ✓ buyouts/analysis/decks/ETTX.pptx (12 milestones)
  ✓ buyouts/analysis/decks/EPZM.pptx (16 milestones)
  ✓ buyouts/analysis/decks/EURX.pptx (14 milestones)
  ✓ buyouts/analysis/decks/EVOK.pptx (15 milestones)
  ✓ buyouts/analysis/decks/FPRX.pptx (50 milestones)
  ✓ buyouts/analysis/decks/FLXN.pptx (12 milestones)
  ✓ buyouts/analysis/decks/FMTX.pptx (19 milestones)
  ✓ buyouts/analysis/decks/FTSV.pptx (15 milestones)
  ✓ buyouts/analysis/decks/GTHX.pptx (99 milestones)
  ✓ buyouts/analysis/decks/GNLB.pptx (11 milestones)
  ✓ buyouts/analysis/decks/DNA.pptx (11 milestones)
  ✓ buyouts/analysis/decks/GBIO.pptx (12 milestones)
  ! genzyme_corp_genz.md: no price series
  ✓ buyouts/analysis/decks/GRNA.pptx (15 milestones)
  ✓ buyouts/analysis/decks/HLVX.pptx (12 milestones)
  ✓ buyouts/analysis/decks/HPTX.pptx (14 milestones)
  ✓ buyouts/analysis/decks/ICGN.pptx (11 milestones)
  ✓ buyouts/analysis/decks/ICVX.pptx (12 milestones)
  ✓ buyouts/analysis/decks/IDIX.pptx (14 milestones)
  ✓ buyouts/analysis/decks/IDMI.pptx (18 milestones)
  ✓ buyouts/analysis/decks/IGMS.pptx (10 milestones)
  ✓ buyouts/analysis/decks/RXDX.pptx (14 milestones)
  ✓ buyouts/analysis/decks/IMGO.pptx (14 milestones)
  ✓ buyouts/analysis/decks/IMDZ.pptx (42 milestones)
  ✓ buyouts/analysis/decks/IMMU.pptx (36 milestones)
  ✓ buyouts/analysis/decks/INVA.pptx (3 milestones)
  ✓ buyouts/analysis/decks/INZY.pptx (13 milestones)
  ✓ buyouts/analysis/decks/INSV.pptx (12 milestones)
  ✓ buyouts/analysis/decks/ISPH.pptx (15 milestones)
  ✓ buyouts/analysis/decks/ICPT.pptx (16 milestones)
  ✓ buyouts/analysis/decks/ITMN.pptx (12 milestones)
  ✓ buyouts/analysis/decks/ITOS.pptx (14 milestones)
  ✓ buyouts/analysis/decks/JNCE.pptx (10 milestones)
  ✓ buyouts/analysis/decks/JNP.pptx (74 milestones)
  ✓ buyouts/analysis/decks/KALV.pptx (16 milestones)
  ✓ buyouts/analysis/decks/KZR.pptx (11 milestones)
  ✓ buyouts/analysis/decks/REPORT.pptx (0 milestones)
  ✓ buyouts/analysis/decks/KG.pptx (27 milestones)
  ✓ buyouts/analysis/decks/KNTE.pptx (15 milestones)
  ✓ buyouts/analysis/decks/KITE.pptx (11 milestones)
  ✓ buyouts/analysis/decks/KOSP.pptx (12 milestones)
  ✓ buyouts/analysis/decks/KRON.pptx (14 milestones)
  ✓ buyouts/analysis/decks/LJPC.pptx (17 milestones)
  ✓ buyouts/analysis/decks/LVTX.pptx (13 milestones)
  ✓ buyouts/analysis/decks/LSTA.pptx (10 milestones)
  ✓ buyouts/analysis/decks/LOGC.pptx (15 milestones)
  ✓ buyouts/analysis/decks/LBPH.pptx (18 milestones)
  ✓ buyouts/analysis/decks/LOXO.pptx (13 milestones)
  ✓ buyouts/analysis/decks/LUMO.pptx (21 milestones)
  ! map_pharmaceuticals_inc_MAPP.md: no price series
  ✓ buyouts/analysis/decks/MRNS.pptx (13 milestones)
  ✓ buyouts/analysis/decks/MATK.pptx (13 milestones)
  ✓ buyouts/analysis/decks/MTXX.pptx (13 milestones)
  ✓ buyouts/analysis/decks/MDCO.pptx (16 milestones)
  ✓ buyouts/analysis/decks/MEDI.pptx (13 milestones)
  ✓ buyouts/analysis/decks/MDVN.pptx (15 milestones)
  ✓ buyouts/analysis/decks/MEMY.pptx (14 milestones)
  ✓ buyouts/analysis/decks/MRSN.pptx (15 milestones)
  ✓ buyouts/analysis/decks/MRUS.pptx (16 milestones)
  ✓ buyouts/analysis/decks/MOGN.pptx (13 milestones)
  ! micromet_inc_MITI.md: suspect price feed — skipping (charts unreliable)
  ✓ buyouts/analysis/decks/MLNM.pptx (14 milestones)
  ✓ buyouts/analysis/decks/MIRO.pptx (10 milestones)
  ✓ buyouts/analysis/decks/MNTA.pptx (18 milestones)
  ✓ buyouts/analysis/decks/MGRM.pptx (13 milestones)
  ✓ buyouts/analysis/decks/MORF.pptx (14 milestones)
  ✓ buyouts/analysis/decks/MOR.pptx (6 milestones)
  ✓ buyouts/analysis/decks/MYOG.pptx (20 milestones)
  ✓ buyouts/analysis/decks/MYOK.pptx (64 milestones)
  ! nabriva_therapeutics_plc_NBRV.md: suspect price feed — skipping (charts unreliable)
  ✓ buyouts/analysis/decks/NTOL.pptx (13 milestones)
  ✓ buyouts/analysis/decks/NRPH.pptx (10 milestones)
  ✓ buyouts/analysis/decks/NGM.pptx (48 milestones)
  ✓ buyouts/analysis/decks/NOVN.pptx (16 milestones)
  ✓ buyouts/analysis/decks/NPSP.pptx (9 milestones)
  ✓ buyouts/analysis/decks/OMPI.pptx (14 milestones)
  ✓ buyouts/analysis/decks/OCAT.pptx (14 milestones)
  ✓ buyouts/analysis/decks/OCRX.pptx (16 milestones)
  ✓ buyouts/analysis/decks/OMRI.pptx (13 milestones)
  ✓ buyouts/analysis/decks/ONXX.pptx (24 milestones)
  ✓ buyouts/analysis/decks/OSIP.pptx (14 milestones)
  ✓ buyouts/analysis/decks/OSIR.pptx (56 milestones)
  ✓ buyouts/analysis/decks/OYST.pptx (12 milestones)
  ✓ buyouts/analysis/decks/PAND.pptx (12 milestones)
  ✓ buyouts/analysis/decks/PRDS.pptx (12 milestones)
  ✓ buyouts/analysis/decks/PTHN.pptx (15 milestones)
  ✓ buyouts/analysis/decks/PPCO.pptx (10 milestones)
  ✓ buyouts/analysis/decks/PRGO.pptx (12 milestones)
  ✓ buyouts/analysis/decks/PFNX.pptx (65 milestones)
  ! pharmasset_inc_VRUS.md: suspect price feed — skipping (charts unreliable)
  ✓ buyouts/analysis/decks/PNT.pptx (12 milestones)
  ✓ buyouts/analysis/decks/PTLA.pptx (12 milestones)
  ✓ buyouts/analysis/decks/PSTV.pptx (18 milestones)
  ✓ buyouts/analysis/decks/PRCS.pptx (16 milestones)
  ✓ buyouts/analysis/decks/PRVL.pptx (15 milestones)
  ✓ buyouts/analysis/decks/PRNB.pptx (17 milestones)
  ✓ buyouts/analysis/decks/PRVB.pptx (15 milestones)
  ✓ buyouts/analysis/decks/QGEN.pptx (5 milestones)
  ✓ buyouts/analysis/decks/RDUS.pptx (11 milestones)
  ✓ buyouts/analysis/decks/RAPT.pptx (15 milestones)
  ✓ buyouts/analysis/decks/RPTP.pptx (5 milestones)
  ✓ buyouts/analysis/decks/RYZB.pptx (12 milestones)
  ✓ buyouts/analysis/decks/RCPT (NASDAQ Global Market).pptx (54 milestones)
  ✓ buyouts/analysis/decks/RGLS.pptx (21 milestones)
  ✓ buyouts/analysis/decks/RLYP.pptx (19 milestones)
  ✓ buyouts/analysis/decks/RPRX.pptx (15 milestones)
  ✓ buyouts/analysis/decks/RVNC.pptx (60 milestones)
  ✓ buyouts/analysis/decks/SGNT.pptx (70 milestones)
  ✓ buyouts/analysis/decks/SLXP.pptx (13 milestones)
  ✓ buyouts/analysis/decks/SNTS.pptx (18 milestones)
  ✓ buyouts/analysis/decks/STSA.pptx (13 milestones)
  ✓ buyouts/analysis/decks/SCRX.pptx (15 milestones)
  ✓ buyouts/analysis/decks/SCPH.pptx (17 milestones)
  ✓ buyouts/analysis/decks/SGTX.pptx (16 milestones)
  ✓ buyouts/analysis/decks/SVA.pptx (6 milestones)
  ✓ buyouts/analysis/decks/SIRT.pptx (14 milestones)
  ✓ buyouts/analysis/decks/SCTL.pptx (14 milestones)
  ✓ buyouts/analysis/decks/SLNO.pptx (40 milestones)
  ✓ buyouts/analysis/decks/ONCE.pptx (17 milestones)
  ✓ buyouts/analysis/decks/STML.pptx (13 milestones)
  ✓ buyouts/analysis/decks/SCMP.pptx (48 milestones)
  ✓ buyouts/analysis/decks/SEPR.pptx (19 milestones)
  ✓ buyouts/analysis/decks/THOR.pptx (41 milestones)
  ✓ buyouts/analysis/decks/TARG.pptx (13 milestones)
  ✓ buyouts/analysis/decks/TARO.pptx (10 milestones)
  ✓ buyouts/analysis/decks/TERN.pptx (16 milestones)
  ✓ buyouts/analysis/decks/TSRO.pptx (17 milestones)
  ✓ buyouts/analysis/decks/TTPH.pptx (56 milestones)
  ✓ buyouts/analysis/decks/TXMD.pptx (9 milestones)
  ! theravance_inc_trvn.md: no price series
  ✓ buyouts/analysis/decks/THRX.pptx (18 milestones)
  ✓ buyouts/analysis/decks/TWTI.pptx (16 milestones)
  ✓ buyouts/analysis/decks/THRN.pptx (16 milestones)
  ✓ buyouts/analysis/decks/TIG.pptx (14 milestones)
  ✓ buyouts/analysis/decks/TBRA.pptx (14 milestones)
  ✓ buyouts/analysis/decks/TRML.pptx (14 milestones)
  ✓ buyouts/analysis/decks/TBIO.pptx (15 milestones)
  ✓ buyouts/analysis/decks/TSRX.pptx (12 milestones)
  ✓ buyouts/analysis/decks/TPTX.pptx (15 milestones)
  ✓ buyouts/analysis/decks/TSBX.pptx (15 milestones)
  ✓ buyouts/analysis/decks/USNA.pptx (11 milestones)
  ✓ buyouts/analysis/decks/VECT.pptx (10 milestones)
  ! veru_inc_veru.md: no price series
  ✓ buyouts/analysis/decks/VERV.pptx (12 milestones)
  ✓ buyouts/analysis/decks/VIE.pptx (16 milestones)
  ✓ buyouts/analysis/decks/VBAC.pptx (14 milestones)
  ✓ buyouts/analysis/decks/VTAE.pptx (16 milestones)
  ✓ buyouts/analysis/decks/XNPT.pptx (19 milestones)
  ✓ buyouts/analysis/decks/YMAB.pptx (18 milestones)
  ✓ buyouts/analysis/decks/ZGNX.pptx (51 milestones)
  ✓ buyouts/analysis/decks/ZSPH.pptx (19 milestones)
  ✓ buyouts/analysis/decks/ZGEN.pptx (16 milestones)
